INVALID: 01-hero.fidelity.content.status must be PASS
INVALID: 01-hero.fidelity.imagery.status must be PASS
INVALID: 01-hero.fidelity.composition.status must be PASS
INVALID: 01-hero.fidelity.visual_treatment.status must be PASS
INVALID: 01-hero.fidelity.responsive.status must be PASS
INVALID: 02-pain-concern-navigation.fidelity.content.status must be PASS
INVALID: 02-pain-concern-navigation.fidelity.imagery.status must be PASS
INVALID: 02-pain-concern-navigation.fidelity.composition.status must be PASS
INVALID: 02-pain-concern-navigation.fidelity.visual_treatment.status must be PASS
INVALID: 02-pain-concern-navigation.fidelity.responsive.status must be PASS
INVALID: 03-knee-concerns.fidelity.content.status must be PASS
INVALID: 03-knee-concerns.fidelity.imagery.status must be PASS
INVALID: 03-knee-concerns.fidelity.composition.status must be PASS
INVALID: 03-knee-concerns.fidelity.visual_treatment.status must be PASS
INVALID: 03-knee-concerns.fidelity.responsive.status must be PASS
INVALID: 04-low-back-concerns.fidelity.content.status must be PASS
INVALID: 04-low-back-concerns.fidelity.imagery.status must be PASS
INVALID: 04-low-back-concerns.fidelity.composition.status must be PASS
INVALID: 04-low-back-concerns.fidelity.visual_treatment.status must be PASS
INVALID: 04-low-back-concerns.fidelity.responsive.status must be PASS
INVALID: 05-neck-concerns.fidelity.content.status must be PASS
INVALID: 05-neck-concerns.fidelity.imagery.status must be PASS
INVALID: 05-neck-concerns.fidelity.composition.status must be PASS
INVALID: 05-neck-concerns.fidelity.visual_treatment.status must be PASS
INVALID: 05-neck-concerns.fidelity.responsive.status must be PASS
INVALID: 06-decision-factors.fidelity.content.status must be PASS
INVALID: 06-decision-factors.fidelity.imagery.status must be PASS
INVALID: 06-decision-factors.fidelity.composition.status must be PASS
INVALID: 06-decision-factors.fidelity.visual_treatment.status must be PASS
INVALID: 06-decision-factors.fidelity.responsive.status must be PASS
INVALID: 07-faq.fidelity.content.status must be PASS
INVALID: 07-faq.fidelity.imagery.status must be PASS
INVALID: 07-faq.fidelity.composition.status must be PASS
INVALID: 07-faq.fidelity.visual_treatment.status must be PASS
INVALID: 07-faq.fidelity.responsive.status must be PASS
INVALID: 08-booking-cta.fidelity.content.status must be PASS
INVALID: 08-booking-cta.fidelity.imagery.status must be PASS
INVALID: 08-booking-cta.fidelity.composition.status must be PASS
INVALID: 08-booking-cta.fidelity.visual_treatment.status must be PASS
INVALID: 08-booking-cta.fidelity.responsive.status must be PASS
INVALID: 09-medical-sources.fidelity.content.status must be PASS
INVALID: 09-medical-sources.fidelity.imagery.status must be PASS
INVALID: 09-medical-sources.fidelity.composition.status must be PASS
INVALID: 09-medical-sources.fidelity.visual_treatment.status must be PASS
INVALID: 09-medical-sources.fidelity.responsive.status must be PASS
