INVALID: 01-hero.fidelity.content.status must be PASS
INVALID: 01-hero.fidelity.imagery.status must be PASS
INVALID: 01-hero.fidelity.composition.status must be PASS
INVALID: 01-hero.fidelity.visual_treatment.status must be PASS
INVALID: 01-hero.fidelity.responsive.status must be PASS
INVALID: 02-private-orientation.fidelity.content.status must be PASS
INVALID: 02-private-orientation.fidelity.imagery.status must be PASS
INVALID: 02-private-orientation.fidelity.composition.status must be PASS
INVALID: 02-private-orientation.fidelity.visual_treatment.status must be PASS
INVALID: 02-private-orientation.fidelity.responsive.status must be PASS
INVALID: 03-concerns-and-goals.fidelity.content.status must be PASS
INVALID: 03-concerns-and-goals.fidelity.imagery.status must be PASS
INVALID: 03-concerns-and-goals.fidelity.composition.status must be PASS
INVALID: 03-concerns-and-goals.fidelity.visual_treatment.status must be PASS
INVALID: 03-concerns-and-goals.fidelity.responsive.status must be PASS
INVALID: 04-what-to-expect.fidelity.content.status must be PASS
INVALID: 04-what-to-expect.fidelity.imagery.status must be PASS
INVALID: 04-what-to-expect.fidelity.composition.status must be PASS
INVALID: 04-what-to-expect.fidelity.visual_treatment.status must be PASS
INVALID: 04-what-to-expect.fidelity.responsive.status must be PASS
INVALID: 05-faq.fidelity.content.status must be PASS
INVALID: 05-faq.fidelity.imagery.status must be PASS
INVALID: 05-faq.fidelity.composition.status must be PASS
INVALID: 05-faq.fidelity.visual_treatment.status must be PASS
INVALID: 05-faq.fidelity.responsive.status must be PASS
INVALID: 06-booking-cta.fidelity.content.status must be PASS
INVALID: 06-booking-cta.fidelity.imagery.status must be PASS
INVALID: 06-booking-cta.fidelity.composition.status must be PASS
INVALID: 06-booking-cta.fidelity.visual_treatment.status must be PASS
INVALID: 06-booking-cta.fidelity.responsive.status must be PASS
INVALID: 07-medical-sources.fidelity.content.status must be PASS
INVALID: 07-medical-sources.fidelity.imagery.status must be PASS
INVALID: 07-medical-sources.fidelity.composition.status must be PASS
INVALID: 07-medical-sources.fidelity.visual_treatment.status must be PASS
INVALID: 07-medical-sources.fidelity.responsive.status must be PASS
