INVALID: 01-hero.fidelity.content.status must be PASS
INVALID: 01-hero.fidelity.imagery.status must be PASS
INVALID: 01-hero.fidelity.composition.status must be PASS
INVALID: 01-hero.fidelity.visual_treatment.status must be PASS
INVALID: 01-hero.fidelity.responsive.status must be PASS
INVALID: 02-category-orientation.fidelity.content.status must be PASS
INVALID: 02-category-orientation.fidelity.imagery.status must be PASS
INVALID: 02-category-orientation.fidelity.composition.status must be PASS
INVALID: 02-category-orientation.fidelity.visual_treatment.status must be PASS
INVALID: 02-category-orientation.fidelity.responsive.status must be PASS
INVALID: 03-questions-for-a-consultation.fidelity.content.status must be PASS
INVALID: 03-questions-for-a-consultation.fidelity.imagery.status must be PASS
INVALID: 03-questions-for-a-consultation.fidelity.composition.status must be PASS
INVALID: 03-questions-for-a-consultation.fidelity.visual_treatment.status must be PASS
INVALID: 03-questions-for-a-consultation.fidelity.responsive.status must be PASS
INVALID: 04-decision-factors.fidelity.content.status must be PASS
INVALID: 04-decision-factors.fidelity.imagery.status must be PASS
INVALID: 04-decision-factors.fidelity.composition.status must be PASS
INVALID: 04-decision-factors.fidelity.visual_treatment.status must be PASS
INVALID: 04-decision-factors.fidelity.responsive.status must be PASS
INVALID: 05-faq.fidelity.content.status must be PASS
INVALID: 05-faq.fidelity.imagery.status must be PASS
INVALID: 05-faq.fidelity.composition.status must be PASS
INVALID: 05-faq.fidelity.visual_treatment.status must be PASS
INVALID: 05-faq.fidelity.responsive.status must be PASS
INVALID: 06-booking-cta.fidelity.content.status must be PASS
INVALID: 06-booking-cta.fidelity.imagery.status must be PASS
INVALID: 06-booking-cta.fidelity.composition.status must be PASS
INVALID: 06-booking-cta.fidelity.visual_treatment.status must be PASS
INVALID: 06-booking-cta.fidelity.responsive.status must be PASS
INVALID: 07-medical-sources.fidelity.content.status must be PASS
INVALID: 07-medical-sources.fidelity.imagery.status must be PASS
INVALID: 07-medical-sources.fidelity.composition.status must be PASS
INVALID: 07-medical-sources.fidelity.visual_treatment.status must be PASS
INVALID: 07-medical-sources.fidelity.responsive.status must be PASS
