INVALID: 01-hero.fidelity.content.status must be PASS
INVALID: 01-hero.fidelity.imagery.status must be PASS
INVALID: 01-hero.fidelity.composition.status must be PASS
INVALID: 01-hero.fidelity.visual_treatment.status must be PASS
INVALID: 01-hero.fidelity.responsive.status must be PASS
INVALID: 02-neuropathy-feature.fidelity.content.status must be PASS
INVALID: 02-neuropathy-feature.fidelity.imagery.status must be PASS
INVALID: 02-neuropathy-feature.fidelity.composition.status must be PASS
INVALID: 02-neuropathy-feature.fidelity.visual_treatment.status must be PASS
INVALID: 02-neuropathy-feature.fidelity.responsive.status must be PASS
INVALID: 03-service-navigation.fidelity.content.status must be PASS
INVALID: 03-service-navigation.fidelity.imagery.status must be PASS
INVALID: 03-service-navigation.fidelity.composition.status must be PASS
INVALID: 03-service-navigation.fidelity.visual_treatment.status must be PASS
INVALID: 03-service-navigation.fidelity.responsive.status must be PASS
INVALID: 04-how-to-choose-next-step.fidelity.content.status must be PASS
INVALID: 04-how-to-choose-next-step.fidelity.imagery.status must be PASS
INVALID: 04-how-to-choose-next-step.fidelity.composition.status must be PASS
INVALID: 04-how-to-choose-next-step.fidelity.visual_treatment.status must be PASS
INVALID: 04-how-to-choose-next-step.fidelity.responsive.status must be PASS
INVALID: 05-booking-cta.fidelity.content.status must be PASS
INVALID: 05-booking-cta.fidelity.imagery.status must be PASS
INVALID: 05-booking-cta.fidelity.composition.status must be PASS
INVALID: 05-booking-cta.fidelity.visual_treatment.status must be PASS
INVALID: 05-booking-cta.fidelity.responsive.status must be PASS
