
> sigma-core-medical-center@0.1.0 build
> next build

▲ Next.js 16.3.3 (Turbopack)
✓ Running next.config.ts took 102ms
Attention: Next.js now collects completely anonymous telemetry regarding usage.
This information is used to shape Next.js' roadmap and prioritize features.
You can learn more, including how to opt-out if you'd not like to participate in this anonymous program, by visiting the following URL:
https://nextjs.org/telemetry


  Creating an optimized production build ...
✓ Compiled successfully in 3.6s
  Running TypeScript ...
  Finished TypeScript in 4.0s ...
  Collecting page data using 3 workers ...
  Generating static pages using 3 workers (0/22) ...
  Generating static pages using 3 workers (5/22)
  Generating static pages using 3 workers (10/22)
  Generating static pages using 3 workers (16/22)
✓ Generating static pages using 3 workers (22/22) in 1242ms
  Finalizing page optimization ...

Route (app)
┌ ○ /
├ ○ /_not-found
├ ○ /about
├ ○ /accessibility
├ ○ /book
├ ○ /contact
├ ○ /educational-guide
├ ○ /icon.png
├ ○ /notice-of-privacy-practices
├ ○ /privacy
├ ○ /robots.txt
├ ○ /services
├ ○ /services/hormone-optimization
├ ○ /services/neuropathy
├ ○ /services/pain-relief
├ ○ /services/pelvic-floor-incontinence
├ ○ /services/regenerative-medicine
├ ○ /sitemap.xml
├ ○ /terms
├ ○ /variant-a
└ ○ /variant-b


○  (Static)  prerendered as static content
